------------------------------------------------------------
TimeQuest Timing Analyzer Summary
------------------------------------------------------------

Type  : Slow 1200mV 85C Model Setup 'clk'
Slack : -122.957
TNS   : -16665.444

Type  : Slow 1200mV 85C Model Setup 'Gra'
Slack : -107.168
TNS   : -4900.042

Type  : Slow 1200mV 85C Model Hold 'Gra'
Slack : -23.421
TNS   : -1161.547

Type  : Slow 1200mV 85C Model Hold 'clk'
Slack : 0.356
TNS   : 0.000

Type  : Slow 1200mV 85C Model Minimum Pulse Width 'Gra'
Slack : -19.753
TNS   : -51719.812

Type  : Slow 1200mV 85C Model Minimum Pulse Width 'clk'
Slack : -3.000
TNS   : -900.308

Type  : Slow 1200mV 0C Model Setup 'clk'
Slack : -109.575
TNS   : -14842.498

Type  : Slow 1200mV 0C Model Setup 'Gra'
Slack : -97.274
TNS   : -4415.455

Type  : Slow 1200mV 0C Model Hold 'Gra'
Slack : -20.899
TNS   : -1037.660

Type  : Slow 1200mV 0C Model Hold 'clk'
Slack : 0.310
TNS   : 0.000

Type  : Slow 1200mV 0C Model Minimum Pulse Width 'Gra'
Slack : -17.570
TNS   : -46169.439

Type  : Slow 1200mV 0C Model Minimum Pulse Width 'clk'
Slack : -3.000
TNS   : -900.308

Type  : Fast 1200mV 0C Model Setup 'clk'
Slack : -69.755
TNS   : -9204.842

Type  : Fast 1200mV 0C Model Setup 'Gra'
Slack : -61.987
TNS   : -2823.484

Type  : Fast 1200mV 0C Model Hold 'Gra'
Slack : -13.540
TNS   : -669.661

Type  : Fast 1200mV 0C Model Hold 'clk'
Slack : 0.186
TNS   : 0.000

Type  : Fast 1200mV 0C Model Minimum Pulse Width 'Gra'
Slack : -11.649
TNS   : -26654.408

Type  : Fast 1200mV 0C Model Minimum Pulse Width 'clk'
Slack : -3.000
TNS   : -862.534

------------------------------------------------------------
