------------------------------------------------------------
TimeQuest Timing Analyzer Summary
------------------------------------------------------------

Type  : Slow 1200mV 85C Model Setup 'clk'
Slack : -127.114
TNS   : -16559.308

Type  : Slow 1200mV 85C Model Setup 'Gra'
Slack : -109.463
TNS   : -4910.910

Type  : Slow 1200mV 85C Model Hold 'Gra'
Slack : -23.943
TNS   : -1118.697

Type  : Slow 1200mV 85C Model Hold 'clk'
Slack : 0.356
TNS   : 0.000

Type  : Slow 1200mV 85C Model Minimum Pulse Width 'Gra'
Slack : -20.332
TNS   : -40099.081

Type  : Slow 1200mV 85C Model Minimum Pulse Width 'clk'
Slack : -3.000
TNS   : -931.960

Type  : Slow 1200mV 0C Model Setup 'clk'
Slack : -113.262
TNS   : -14792.024

Type  : Slow 1200mV 0C Model Setup 'Gra'
Slack : -98.994
TNS   : -4439.235

Type  : Slow 1200mV 0C Model Hold 'Gra'
Slack : -21.322
TNS   : -994.392

Type  : Slow 1200mV 0C Model Hold 'clk'
Slack : 0.311
TNS   : 0.000

Type  : Slow 1200mV 0C Model Minimum Pulse Width 'Gra'
Slack : -18.007
TNS   : -35753.555

Type  : Slow 1200mV 0C Model Minimum Pulse Width 'clk'
Slack : -3.000
TNS   : -931.960

Type  : Fast 1200mV 0C Model Setup 'clk'
Slack : -72.813
TNS   : -9533.284

Type  : Fast 1200mV 0C Model Setup 'Gra'
Slack : -63.203
TNS   : -2826.193

Type  : Fast 1200mV 0C Model Hold 'Gra'
Slack : -14.210
TNS   : -665.571

Type  : Fast 1200mV 0C Model Hold 'clk'
Slack : 0.187
TNS   : 0.000

Type  : Fast 1200mV 0C Model Minimum Pulse Width 'Gra'
Slack : -12.198
TNS   : -20677.703

Type  : Fast 1200mV 0C Model Minimum Pulse Width 'clk'
Slack : -3.000
TNS   : -896.035

------------------------------------------------------------
