Flow report for datapath
Mon Mar 08 17:22:22 2021
Quartus II 64-Bit Version 13.0.1 Build 232 06/12/2013 Service Pack 1 SJ Web Edition


---------------------
; Table of Contents ;
---------------------
  1. Legal Notice
  2. Flow Summary
  3. Flow Settings
  4. Flow Non-Default Global Settings
  5. Flow Elapsed Time
  6. Flow OS Summary
  7. Flow Log
  8. Flow Messages
  9. Flow Suppressed Messages



----------------
; Legal Notice ;
----------------
Copyright (C) 1991-2013 Altera Corporation
Your use of Altera Corporation's design tools, logic functions 
and other software and tools, and its AMPP partner logic 
functions, and any output files from any of the foregoing 
(including device programming or simulation files), and any 
associated documentation or information are expressly subject 
to the terms and conditions of the Altera Program License 
Subscription Agreement, Altera MegaCore Function License 
Agreement, or other applicable license agreement, including, 
without limitation, that your use is for the sole purpose of 
programming logic devices manufactured by Altera and sold by 
Altera or its authorized distributors.  Please refer to the 
applicable agreement for further details.



+--------------------------------------------------------------------------------------+
; Flow Summary                                                                         ;
+------------------------------------+-------------------------------------------------+
; Flow Status                        ; Successful - Mon Mar 08 17:22:22 2021           ;
; Quartus II 64-Bit Version          ; 13.0.1 Build 232 06/12/2013 SP 1 SJ Web Edition ;
; Revision Name                      ; datapath                                        ;
; Top-level Entity Name              ; datapath                                        ;
; Family                             ; Cyclone III                                     ;
; Total logic elements               ; 9,454 / 39,600 ( 24 % )                         ;
;     Total combinational functions  ; 9,153 / 39,600 ( 23 % )                         ;
;     Dedicated logic registers      ; 842 / 39,600 ( 2 % )                            ;
; Total registers                    ; 842                                             ;
; Total pins                         ; 497 / 536 ( 93 % )                              ;
; Total virtual pins                 ; 0                                               ;
; Total memory bits                  ; 16,384 / 1,161,216 ( 1 % )                      ;
; Embedded Multiplier 9-bit elements ; 0 / 252 ( 0 % )                                 ;
; Total PLLs                         ; 0 / 4 ( 0 % )                                   ;
; Device                             ; EP3C40F780C6                                    ;
; Timing Models                      ; Final                                           ;
+------------------------------------+-------------------------------------------------+


+-----------------------------------------+
; Flow Settings                           ;
+-------------------+---------------------+
; Option            ; Setting             ;
+-------------------+---------------------+
; Start date & time ; 03/08/2021 17:15:20 ;
; Main task         ; Compilation         ;
; Revision Name     ; datapath            ;
+-------------------+---------------------+


+------------------------------------------------------------------------------------------------------------------------------+
; Flow Non-Default Global Settings                                                                                             ;
+--------------------------------------+---------------------------------------+---------------+-------------+-----------------+
; Assignment Name                      ; Value                                 ; Default Value ; Entity Name ; Section Id      ;
+--------------------------------------+---------------------------------------+---------------+-------------+-----------------+
; COMPILER_SIGNATURE_ID                ; 198112230318217.161524172007412       ; --            ; --          ; --              ;
; EDA_DESIGN_INSTANCE_NAME             ; NA                                    ; --            ; --          ; datapath_and_tb ;
; EDA_DESIGN_INSTANCE_NAME             ; NA                                    ; --            ; --          ; addi_tb         ;
; EDA_DESIGN_INSTANCE_NAME             ; NA                                    ; --            ; --          ; ldi_tb          ;
; EDA_NATIVELINK_SIMULATION_TEST_BENCH ; ldi_tb                                ; --            ; --          ; eda_simulation  ;
; EDA_OUTPUT_DATA_FORMAT               ; Vhdl                                  ; --            ; --          ; eda_simulation  ;
; EDA_SIMULATION_TOOL                  ; ModelSim-Altera (VHDL)                ; <None>        ; --          ; --              ;
; EDA_TEST_BENCH_ENABLE_STATUS         ; TEST_BENCH_MODE                       ; --            ; --          ; eda_simulation  ;
; EDA_TEST_BENCH_FILE                  ; datapath_and_tb.vhd                   ; --            ; --          ; datapath_and_tb ;
; EDA_TEST_BENCH_FILE                  ; Phase2_tb/addi_tb.vhd                 ; --            ; --          ; addi_tb         ;
; EDA_TEST_BENCH_FILE                  ; Phase2_tb/ldi_tb.vhd                  ; --            ; --          ; ldi_tb          ;
; EDA_TEST_BENCH_MODULE_NAME           ; datapath_and_tb                       ; --            ; --          ; datapath_and_tb ;
; EDA_TEST_BENCH_MODULE_NAME           ; addi_tb                               ; --            ; --          ; addi_tb         ;
; EDA_TEST_BENCH_MODULE_NAME           ; ldi_tb                                ; --            ; --          ; ldi_tb          ;
; EDA_TEST_BENCH_NAME                  ; datapath_and_tb                       ; --            ; --          ; eda_simulation  ;
; EDA_TEST_BENCH_NAME                  ; addi_tb                               ; --            ; --          ; eda_simulation  ;
; EDA_TEST_BENCH_NAME                  ; ldi_tb                                ; --            ; --          ; eda_simulation  ;
; IP_TOOL_NAME                         ; RAM: 2-PORT                           ; --            ; --          ; --              ;
; IP_TOOL_NAME                         ; RAM: 1-PORT                           ; --            ; --          ; --              ;
; IP_TOOL_VERSION                      ; 13.0                                  ; --            ; --          ; --              ;
; IP_TOOL_VERSION                      ; 13.0                                  ; --            ; --          ; --              ;
; MISC_FILE                            ; Ram512x32.cmp                         ; --            ; --          ; --              ;
; MISC_FILE                            ; Ram_mod_inst.vhd                      ; --            ; --          ; --              ;
; MISC_FILE                            ; Ram_mod.cmp                           ; --            ; --          ; --              ;
; PARTITION_COLOR                      ; 16764057                              ; --            ; --          ; Top             ;
; PARTITION_FITTER_PRESERVATION_LEVEL  ; PLACEMENT_AND_ROUTING                 ; --            ; --          ; Top             ;
; PARTITION_NETLIST_TYPE               ; SOURCE                                ; --            ; --          ; Top             ;
; POWER_BOARD_THERMAL_MODEL            ; None (CONSERVATIVE)                   ; --            ; --          ; --              ;
; POWER_PRESET_COOLING_SOLUTION        ; 23 MM HEAT SINK WITH 200 LFPM AIRFLOW ; --            ; --          ; --              ;
; PROJECT_OUTPUT_DIRECTORY             ; output_files                          ; --            ; --          ; --              ;
+--------------------------------------+---------------------------------------+---------------+-------------+-----------------+


+-------------------------------------------------------------------------------------------------------------------------------+
; Flow Elapsed Time                                                                                                             ;
+---------------------------+--------------+-------------------------+---------------------+------------------------------------+
; Module Name               ; Elapsed Time ; Average Processors Used ; Peak Virtual Memory ; Total CPU Time (on all processors) ;
+---------------------------+--------------+-------------------------+---------------------+------------------------------------+
; Analysis & Synthesis      ; 00:01:05     ; 1.0                     ; 4745 MB             ; 00:01:05                           ;
; Fitter                    ; 00:04:05     ; 1.0                     ; 4966 MB             ; 00:04:03                           ;
; Assembler                 ; 00:00:03     ; 1.0                     ; 4579 MB             ; 00:00:03                           ;
; TimeQuest Timing Analyzer ; 00:01:21     ; 1.0                     ; 4771 MB             ; 00:01:21                           ;
; EDA Netlist Writer        ; 00:00:19     ; 1.0                     ; 4627 MB             ; 00:00:15                           ;
; Total                     ; 00:06:53     ; --                      ; --                  ; 00:06:47                           ;
+---------------------------+--------------+-------------------------+---------------------+------------------------------------+


+----------------------------------------------------------------------------------------+
; Flow OS Summary                                                                        ;
+---------------------------+------------------+-----------+------------+----------------+
; Module Name               ; Machine Hostname ; OS Name   ; OS Version ; Processor type ;
+---------------------------+------------------+-----------+------------+----------------+
; Analysis & Synthesis      ; DESKTOP-KNKJBT5  ; Windows 7 ; 6.2        ; x86_64         ;
; Fitter                    ; DESKTOP-KNKJBT5  ; Windows 7 ; 6.2        ; x86_64         ;
; Assembler                 ; DESKTOP-KNKJBT5  ; Windows 7 ; 6.2        ; x86_64         ;
; TimeQuest Timing Analyzer ; DESKTOP-KNKJBT5  ; Windows 7 ; 6.2        ; x86_64         ;
; EDA Netlist Writer        ; DESKTOP-KNKJBT5  ; Windows 7 ; 6.2        ; x86_64         ;
+---------------------------+------------------+-----------+------------+----------------+


------------
; Flow Log ;
------------
quartus_map --read_settings_files=on --write_settings_files=off datapath -c datapath
quartus_fit --read_settings_files=off --write_settings_files=off datapath -c datapath
quartus_asm --read_settings_files=off --write_settings_files=off datapath -c datapath
quartus_sta datapath -c datapath
quartus_eda --read_settings_files=off --write_settings_files=off datapath -c datapath



